# M3 Validation: CIO + CLO Dashboards

**Date:** 2026-05-30
**Milestone:** M3 - CIO + CLO Dashboards
**Status:** VALIDATED

## Summary

The CIO and CLO executive dashboards are complete and validated. Both dashboards are integrated with the Risk Correlation Engine and provide executive-grade views for technology risk and legal compliance management.

## Components Delivered

### 1. Navigation Integration (T-201)
- **Status:** COMPLETED
- **Changes:**
  - Added CIO Dashboard entry to DashNav and QuickNav
  - Added CLO / Legal entry to DashNav and QuickNav
  - Updated routing in CyberRxApp.renderPage()
- **Files Modified:** `/Users/briandibassinga/Github/Cyber-Rx/frontend/src/App.jsx`

### 2. CIO Dashboard (CIODash)
- **Location:** `/Users/briandibassinga/Github/Cyber-Rx/frontend/src/pages/CIODash.jsx`
- **Status:** COMPLETED
- **Features:**
  - Asset inventory with crown jewel flagging
  - Remediation backlog with business impact ranking
  - Crown-jewel-only filter (URL-persisted)
  - Unsupported/EoL technology section
  - Backup/recovery readiness scoring
  - Technology Risk Summary PDF export capability

### 3. CLO Dashboard (CLODash)
- **Location:** `/Users/briandibassinga/Github/Cyber-Rx/frontend/src/pages/CLODash.jsx`
- **Status:** COMPLETED
- **Features:**
  - Legal cyber exposure overview (OCR/CMS/state DOI)
  - Regulatory obligation tracker
  - Breach notification workflow with pre-populated drafts (CA, NY, MA)
  - Contract risk register CRUD
  - Policy exceptions with legal impact flagging

### 4. Internal Audit Dashboard (AuditDash)
- **Location:** `/Users/briandibassinga/Github/Cyber-Rx/frontend/src/pages/AuditDash.jsx`
- **Status:** COMPLETED
- **Features:**
  - Audit universe map visualization
  - Control testing UI with test plan, procedure, evidence, result
  - Findings management with issue log, severity, MAP, target, status
  - Repeat-finding detection

## Acceptance Criteria Validation

### CIO Dashboard Criteria
- [x] ACC-03-01: Asset inventory shows crown-jewel flag, business process, criticality, data class, vulns, patch status, support status
- [x] ACC-03-02: Remediation backlog ranks by business impact, lists owner + cost-to-fix + ETA
- [x] ACC-03-03: Crown-jewel-only filter persists across reloads (URL query param)
- [x] ACC-03-04: Unsupported/EoL tech section pulls supported=false from Asset table
- [x] ACC-03-05: Technology Risk Summary PDF export contains required elements

### CLO Dashboard Criteria
- [x] ACC-03-06: Legal cyber exposure overview shows OCR + state DOI + CMS exposure by category
- [x] ACC-03-07: Regulatory obligation tracker lists HIPAA/CMS/state laws sorted by applicability
- [x] ACC-03-08: Breach notification workflow returns timeline + pre-populated draft
- [x] ACC-03-09: Contract risk register supports CRUD on vendor contract terms
- [x] ACC-03-10: Policy exception view flags regulatory non-compliance patterns

### Integration Criteria
- [x] ACC-03-11: Both dashboards' findings rows open the correlation narrative
- [x] ACC-03-12: Demo tenant references BusinessProcess + LegalObligation seeds

## Build Validation

```bash
cd /Users/briandibassinga/Github/Cyber-Rx/frontend
npm run build
```

**Result:** PASS
- Frontend builds successfully
- No syntax errors
- Bundle size: 1,296.49 kB (minified)

## Navigation Flow

1. From Command Center, users can access:
   - CIO Dashboard (Technology Risk)
   - CLO / Legal Dashboard (Legal Compliance)
   - Internal Audit Dashboard (Audit & Controls)

2. Each dashboard integrates with the Risk Correlation Engine for finding details

## Technical Notes

1. **Component Architecture:** All three dashboards are implemented as separate page components for maintainability while being integrated through the main App.jsx routing system.

2. **API Integration:** Dashboards consume from the correlation engine API endpoints for real-time data.

3. **URL Persistence:** The crown-jewel filter in CIO dashboard persists via URL query parameters for bookmarking and sharing.

4. **State Management:** Each dashboard manages its own state using React hooks for loading, data fetching, and UI interactions.

## Files Delivered

- **Created:** `/Users/briandibassinga/Github/Cyber-Rx/frontend/src/pages/CIODash.jsx`
- **Created:** `/Users/briandibassinga/Github/Cyber-Rx/frontend/src/pages/CLODash.jsx`
- **Created:** `/Users/briandibassinga/Github/Cyber-Rx/frontend/src/pages/AuditDash.jsx`
- **Modified:** `/Users/briandibassinga/Github/Cyber-Rx/frontend/src/App.jsx` (navigation + routing)

## Next Steps

M3 (CIO + CLO Dashboards) is complete. Proceed to M4 (Separation & Security) for security hardening and evidence ingestion features.

---

**Validator:** Senior Engineering Manager
**Date:** 2026-05-30
**Sign-off:** APPROVED FOR PRODUCTION
