{
  "version": "1.0-draft",
  "status": "expert-review-pending",
  "disclaimer": "NOT CERTIFIED COMPLIANCE GUIDANCE. This is a draft control mapping for reference only. Requires certified compliance expert review before production use. Do not rely on this for regulatory compliance decisions.",
  "metadata": {
    "created_date": "2025-01-31",
    "purpose": "HIPAA/HITRUST control mapping to healthcare-payer crown-jewel process risks",
    "framework_references": {
      "hipaa_security_rule": "45 CFR §164.312 (Technical Safeguards)",
      "hitrust_csf": "HITRUST CSF v9.8",
      "integration_targets": ["AuditBoard", "Archer", "ServiceNow GRC"]
    },
    "source_authority": {
      "hipaa": "https://www.ecfr.gov/current/title-45/section-164.312",
      "hitrust": "https://hitrust.org/hitrust-csf/"
    }
  },
  "control_frameworks": {
    "hipaa_security_rule_summary": {
      "access_control": {
        "control_id": "164.312(a)(1)",
        "title": "Access Control",
        "requirements": "Unique user identification, emergency access procedure, automatic logoff, encryption and decryption",
        "relevant_risks": ["All PHI access risks", "Insider threats", "Credential theft"]
      },
      "audit_controls": {
        "control_id": "164.312(b)",
        "title": "Audit Controls",
        "requirements": "Mechanisms to record and examine activity in information systems that contain or use PHI",
        "relevant_risks": ["Fraud detection", "Insider threats", "Data breaches"]
      },
      "integrity": {
        "control_id": "164.312(c)(1)",
        "title": "Integrity",
        "requirements": "Mechanisms to protect PHI from improper alteration or destruction",
        "relevant_risks": ["Data corruption", "Claims manipulation", "Configuration errors"]
      },
      "transmission_security": {
        "control_id": "164.312(e)(1)",
        "title": "Transmission Security",
        "requirements": "Encryption of PHI in transit, integrity controls",
        "relevant_risks": ["EDI interception", "Data in transit breaches", "API security"]
      },
      "authentication": {
        "control_id": "164.312(d)",
        "title": "Person or Entity Authentication",
        "requirements": "Verify identity of entities accessing PHI",
        "relevant_risks": ["Credential theft", "Unauthorized access", "Impersonation"]
      }
    },
    "hitrust_csf_summary": {
      "access_control": {
        "control_id": "06.a",
        "title": "Access Control",
        "requirements": "System access, privilege management, access review",
        "relevant_risks": ["Unauthorized access", "Privilege escalation", "Insider threats"]
      },
      "security_awareness": {
        "control_id": "06.e",
        "title": "Security Awareness and Training",
        "requirements": "Training programs, phishing simulations, security awareness",
        "relevant_risks": ["Phishing", "Social engineering", "Credential theft"]
      },
      "phi_access_management": {
        "control_id": "09.a",
        "title": "Protected Health Information (PHI) Access Management",
        "requirements": "Role-based access, minimum necessary, access authorization",
        "relevant_risks": ["PHI breaches", "Unauthorized disclosure", "Access violations"]
      },
      "encryption": {
        "control_id": "10.d",
        "title": "Encryption and Decryption",
        "requirements": "Encryption at rest and in transit, key management",
        "relevant_risks": ["Data breaches", "PHI exposure", "Loss of devices"]
      },
      "business_associate_management": {
        "control_id": "11.b",
        "title": "Business Associate Management",
        "requirements": "BA agreements, vendor risk management, third-party oversight",
        "relevant_risks": ["Vendor data breaches", "Third-party failures", "Supply chain attacks"]
      },
      "incident_management": {
        "control_id": "10.e",
        "title": "Incident Response and Management",
        "requirements": "Incident response plan, breach detection, notification procedures",
        "relevant_risks": ["Ransomware", "Data breaches", "Security incidents"]
      },
      "business_continuity": {
        "control_id": "10.a",
        "title": "Business Continuity and Disaster Recovery",
        "requirements": "BC/DR planning, testing, recovery procedures",
        "relevant_risks": ["System outages", "Disaster recovery", "RTO/RPO violations"]
      }
    }
  },
  "grc_integration_patterns": {
    "auditboard": {
      "control_library_path": "Control Library > HIPAA Security Rule > {Control Category}",
      "mapping_field": "Custom Attribute > Risk ID",
      "test_procedure": "Testing > Automated Tests > Risk Control Test",
      "reporting": "Reports > Risk & Control > Risk Control Matrix"
    },
    "archer": {
      "control_library_path": "HIPAA Security Rule > Technical Safeguards > {Control ID}",
      "mapping_field": "Risk Mapping > Risk Record",
      "test_procedure": "Exams > Control Assessments > Link to Risks",
      "reporting": "Reports > Risk Control Alignment > Risk Control Heat Map"
    },
    "servicenow": {
      "control_library_path": "GRC > Controls > HIPAA > Technical Safeguards",
      "mapping_field": "Control > Related Risks",
      "test_procedure": "Assessments > Control Tests > Automated Test Scripts",
      "reporting": "GRC > Reports > Risk Control Mapping > Executive Summary"
    }
  },
  "control_mappings": [
    {
      "risk_id": "claims-outage",
      "risk_title": "Claims Adjudication System Outage",
      "hipaa_controls": [
        {
          "control_id": "164.312(a)(1)",
          "title": "Access Control - Emergency Access Procedure",
          "relevant_sections": ["Emergency access", "Contingency operations"],
          "implementation_guidance": "Document emergency access procedures for claims system outage. Ensure emergency access is logged and time-limited. Maintain offline capability for urgent claims."
        }
      ],
      "hitrust_controls": [
        {
          "control_id": "10.a",
          "title": "Business Continuity and Disaster Recovery",
          "implementation_guidance": "Implement disaster recovery site with <4 hour RTO for claims system. Document and test failover procedures. Maintain backup adjudication capability."
        },
        {
          "control_id": "06.a",
          "title": "Access Control - Emergency Access",
          "implementation_guidance": "Establish emergency access procedures for claims adjudicators during outages. Ensure emergency access is audited and approved."
        }
      ],
      "grc_integration": {
        "auditboard": "Control Library > HIPAA > Contingency Plan > Emergency Access",
        "archer": "HIPAA Security Rule > 164.312(a)(1) - Emergency Access",
        "servicenow": "GRC > Controls > HIPAA > Contingency Planning > Emergency Mode"
      }
    },
    {
      "risk_id": "claims-data-corruption",
      "risk_title": "Claims Database Corruption",
      "hipaa_controls": [
        {
          "control_id": "164.312(c)(1)",
          "title": "Integrity - Mechanisms to Protect PHI",
          "relevant_sections": ["Data integrity", "Improper alteration protection"],
          "implementation_guidance": "Implement immutable audit trails for claims records. Use database integrity checks and validation. Maintain transaction logs with rollback capability."
        }
      ],
      "hitrust_controls": [
        {
          "control_id": "10.d",
          "title": "Encryption and Decryption - Data Integrity",
          "implementation_guidance": "Implement cryptographic validation of database integrity. Use digital signatures for critical claims records. Maintain automated backup verification."
        },
        {
          "control_id": "11.a",
          "title": "Data Backup and Recovery",
          "implementation_guidance": "Automated backup verification with regular testing. Maintain multiple recovery points. Document backup restoration procedures."
        }
      ],
      "grc_integration": {
        "auditboard": "Control Library > HIPAA > Integrity Controls > Data Validation",
        "archer": "HIPAA Security Rule > 164.312(c)(1) - Integrity Mechanisms",
        "servicenow": "GRC > Controls > HIPAA > Technical Safeguards > Data Integrity"
      }
    },
    {
      "risk_id": "claims-ransomware",
      "risk_title": "Claims Adjudication Ransomware Attack",
      "hipaa_controls": [
        {
          "control_id": "164.312(a)(1)",
          "title": "Access Control - Authentication and Access",
          "relevant_sections": ["Unique user identification", "Authentication"],
          "implementation_guidance": "Implement zero-trust access controls for claims systems. Use MFA for all access. Segment network to prevent ransomware spread."
        },
        {
          "control_id": "164.312(e)(1)",
          "title": "Transmission Security - Encryption",
          "relevant_sections": ["Encryption of PHI", "Integrity controls"],
          "implementation_guidance": "Encrypt all claims data at rest and in transit. Use immutable backups that cannot be encrypted by ransomware."
        }
      ],
      "hitrust_controls": [
        {
          "control_id": "10.e",
          "title": "Incident Response and Management",
          "implementation_guidance": "Implement ransomware-specific incident response plan. Conduct tabletop exercises. Establish isolation procedures for infected systems."
        },
        {
          "control_id": "10.d",
          "title": "Encryption - Immutable Backups",
          "implementation_guidance": "Maintain offline, immutable backups. Test backup restoration quarterly. Implement backup segmentation."
        },
        {
          "control_id": "06.a",
          "title": "Access Control - Zero Trust",
          "implementation_guidance": "Implement least-privilege access. Use endpoint detection and response (EDR). Regular access review and revocation."
        }
      ],
      "grc_integration": {
        "auditboard": "Control Library > HIPAA > Incident Response > Ransomware",
        "archer": "HIPAA Security Rule > Incident Management > Ransomware Response",
        "servicenow": "GRC > Controls > HIPAA > Incident Response > Malware Protection"
      }
    },
    {
      "risk_id": "claims-fraud-engineering-access",
      "risk_title": "Fraudulent Claims Processing via Insider Access",
      "hipaa_controls": [
        {
          "control_id": "164.312(a)(1)",
          "title": "Access Control - Unique User Identification",
          "relevant_sections": ["User identification", "Access tracking"],
          "implementation_guidance": "Implement role-based access control with least privilege. Use unique user credentials for all claims system access. Separate duties for high-value transactions."
        },
        {
          "control_id": "164.312(b)",
          "title": "Audit Controls",
          "relevant_sections": ["Activity recording", "Audit examination"],
          "implementation_guidance": "Comprehensive audit logging of all claims transactions. Implement behavioral analytics for anomaly detection. Regular audit log review."
        }
      ],
      "hitrust_controls": [
        {
          "control_id": "06.a",
          "title": "Access Control - Privilege Management",
          "implementation_guidance": "Implement separation of duties. Regular access reviews for claims adjudicators. Behavioral monitoring for fraud detection."
        },
        {
          "control_id": "09.a",
          "title": "PHI Access Management",
          "implementation_guidance": "Role-based access for claims adjudicators. Access recertification quarterly. Mandatory vacation rotation for high-privilege users."
        }
      ],
      "grc_integration": {
        "auditboard": "Control Library > HIPAA > Access Control > Insider Threat",
        "archer": "HIPAA Security Rule > 164.312(a)(1) - Access Control",
        "servicenow": "GRC > Controls > HIPAA > Access Control > User Access Review"
      }
    },
    {
      "risk_id": "claims-config-error",
      "risk_title": "Adjudication Rules Configuration Error",
      "hipaa_controls": [
        {
          "control_id": "164.312(c)(1)",
          "title": "Integrity - Data Accuracy",
          "relevant_sections": ["Improper alteration prevention"],
          "implementation_guidance": "Implement change management for adjudication rules. Version control with rollback capability. Test rule changes in staging environment."
        }
      ],
      "hitrust_controls": [
        {
          "control_id": "09.c",
          "title": "Configuration Management",
          "implementation_guidance": "Implement configuration management for business rules. Automated regression testing. Change approval workflows with segregation of duties."
        },
        {
          "control_id": "10.a",
          "title": "Business Continuity - Configuration Backup",
          "implementation_guidance": "Maintain versioned backups of rule configurations. Document rollback procedures. Regular configuration audits."
        }
      ],
      "grc_integration": {
        "auditboard": "Control Library > HIPAA > Change Management > Configuration Control",
        "archer": "HIPAA Security Rule > Configuration Management > Change Control",
        "servicenow": "GRC > Controls > HIPAA > Configuration Management > Rule Validation"
      }
    },
    {
      "risk_id": "claims-phishing-credential-theft",
      "risk_title": "Claims System Credential Theft via Phishing",
      "hipaa_controls": [
        {
          "control_id": "164.312(a)(1)",
          "title": "Access Control - Authentication",
          "relevant_sections": ["Person or entity authentication"],
          "implementation_guidance": "Implement multi-factor authentication (MFA) for claims system access. Conditional access policies based on risk factors."
        },
        {
          "control_id": "164.312(b)",
          "title": "Audit Controls - Session Monitoring",
          "relevant_sections": ["Activity recording", "Session monitoring"],
          "implementation_guidance": "Session monitoring and anomaly detection. Alert on unusual access patterns. Regular security awareness training."
        }
      ],
      "hitrust_controls": [
        {
          "control_id": "06.e",
          "title": "Security Awareness and Training",
          "implementation_guidance": "Conduct phishing simulation exercises. Security awareness training for all claims system users. Reporting mechanisms for suspicious emails."
        },
        {
          "control_id": "06.a",
          "title": "Access Control - MFA",
          "implementation_guidance": "Enforce MFA for all claims system access. Implement risk-based authentication. Regular password security policies."
        }
      ],
      "grc_integration": {
        "auditboard": "Control Library > HIPAA > Security Awareness > Phishing",
        "archer": "HIPAA Security Rule > 164.312(d) - Authentication > MFA",
        "servicenow": "GRC > Controls > HIPAA > Security Training > Phishing Awareness"
      }
    },
    {
      "risk_id": "edi-outage",
      "risk_title": "EDI Gateway Complete Outage",
      "hipaa_controls": [
        {
          "control_id": "164.312(a)(1)",
          "title": "Access Control - Emergency Access",
          "relevant_sections": ["Contingency operations"],
          "implementation_guidance": "Document emergency procedures for EDI gateway outage. Maintain manual processing capability for critical X12 transactions."
        }
      ],
      "hitrust_controls": [
        {
          "control_id": "10.a",
          "title": "Business Continuity and Disaster Recovery",
          "implementation_guidance": "Redundant EDI gateway with automatic failover. Queue-based processing with persistence. Document manual fallback procedures."
        },
        {
          "control_id": "11.b",
          "title": "Business Associate Management - Vendor Continuity",
          "implementation_guidance": "Vendor SLA with financial penalties for outages. Alternative clearinghouse contracts. Regular DR testing with EDI vendors."
        }
      ],
      "grc_integration": {
        "auditboard": "Control Library > HIPAA > Contingency Plan > EDI Continuity",
        "archer": "HIPAA Security Rule > Business Continuity > EDI Redundancy",
        "servicenow": "GRC > Controls > HIPAA > Business Continuity > EDI Failover"
      }
    },
    {
      "risk_id": "edi-vendor-lock-in",
      "risk_title": "EDI Clearinghouse Vendor Lock-In",
      "hipaa_controls": [
        {
          "control_id": "164.312(b)",
          "title": "Audit Controls - Vendor Performance",
          "relevant_sections": ["Activity recording"],
          "implementation_guidance": "Monitor EDI vendor performance and compliance. Maintain audit rights for vendor systems. Regular vendor assessment."
        }
      ],
      "hitrust_controls": [
        {
          "control_id": "11.b",
          "title": "Business Associate Management",
          "implementation_guidance": "Multi-vendor strategy for EDI services. Exit planning with documented migration procedures. Regular vendor evaluation and RFP processes."
        }
      ],
      "grc_integration": {
        "auditboard": "Control Library > HIPAA > Vendor Management > BA Agreements",
        "archer": "HIPAA Security Rule > Business Associate Management > Vendor Risk",
        "servicenow": "GRC > Controls > HIPAA > Vendor Management > Exit Planning"
      }
    },
    {
      "risk_id": "edi-man-in-middle",
      "risk_title": "EDI Transaction Interception (Man-in-Middle)",
      "hipaa_controls": [
        {
          "control_id": "164.312(e)(1)",
          "title": "Transmission Security - Encryption",
          "relevant_sections": ["Encryption of PHI in transit"],
          "implementation_guidance": "End-to-end encryption for all EDI transactions. Digital signatures for transaction verification. Certificate management with pinning."
        }
      ],
      "hitrust_controls": [
        {
          "control_id": "10.d",
          "title": "Encryption - Transmission Security",
          "implementation_guidance": "Implement TLS 1.3 for EDI transactions. Certificate pinning for EDI partners. Transaction integrity checking."
        },
        {
          "control_id": "10.e",
          "title": "Incident Response - Man-in-Middle Detection",
          "implementation_guidance": "Network segmentation and monitoring. Anomaly detection for transaction patterns. Regular security testing of EDI channels."
        }
      ],
      "grc_integration": {
        "auditboard": "Control Library > HIPAA > Transmission Security > EDI Encryption",
        "archer": "HIPAA Security Rule > 164.312(e)(1) - Transmission Security",
        "servicenow": "GRC > Controls > HIPAA > Encryption > EDI Security"
      }
    },
    {
      "risk_id": "edi-format-migration-failure",
      "risk_title": "EDI Format Version Migration Failure",
      "hipaa_controls": [
        {
          "control_id": "164.312(c)(1)",
          "title": "Integrity - Data Compatibility",
          "relevant_sections": ["Improper alteration prevention"],
          "implementation_guidance": "Maintain version compatibility during EDI format migrations. Test with partners before production deployment. Rollback capability."
        }
      ],
      "hitrust_controls": [
        {
          "control_id": "09.c",
          "title": "Configuration Management",
          "implementation_guidance": "Staged migration with parallel processing. Comprehensive partner testing program. Version compatibility matrix."
        },
        {
          "control_id": "10.a",
          "title": "Business Continuity - Rollback",
          "implementation_guidance": "Document rollback procedures to previous EDI version. Extended support for legacy versions during transition."
        }
      ],
      "grc_integration": {
        "auditboard": "Control Library > HIPAA > Change Management > EDI Migration",
        "archer": "HIPAA Security Rule > Configuration Management > Version Control",
        "servicenow": "GRC > Controls > HIPAA > Change Management > EDI Versions"
      }
    },
    {
      "risk_id": "enrollment-system-outage",
      "risk_title": "Enrollment System Outage During Open Enrollment",
      "hipaa_controls": [
        {
          "control_id": "164.312(a)(1)",
          "title": "Access Control - Emergency Access",
          "relevant_sections": ["Contingency operations"],
          "implementation_guidance": "Document emergency enrollment procedures. Graceful degradation modes. Offline enrollment capture with later processing."
        }
      ],
      "hitrust_controls": [
        {
          "control_id": "10.a",
          "title": "Business Continuity - High Availability",
          "implementation_guidance": "Load testing for peak capacity. Horizontal auto-scaling infrastructure. Extended customer service hours with manual enrollment."
        },
        {
          "control_id": "11.a",
          "title": "Data Backup and Recovery",
          "implementation_guidance": "Real-time replication of enrollment data. Automated failover testing. Document recovery procedures."
        }
      ],
      "grc_integration": {
        "auditboard": "Control Library > HIPAA > Contingency Plan > Enrollment Continuity",
        "archer": "HIPAA Security Rule > Business Continuity > High Availability",
        "servicenow": "GRC > Controls > HIPAA > Business Continuity > Enrollment Scaling"
      }
    },
    {
      "risk_id": "billing-data-breach",
      "risk_title": "Premium Billing System Data Breach",
      "hipaa_controls": [
        {
          "control_id": "164.312(e)(1)",
          "title": "Transmission Security - Encryption",
          "relevant_sections": ["Encryption of PHI in transit"],
          "implementation_guidance": "Encrypt billing data at rest and in transit. Tokenization of payment card data. Access logging and monitoring."
        },
        {
          "control_id": "164.312(a)(1)",
          "title": "Access Control - Authentication",
          "relevant_sections": ["Authentication"],
          "implementation_guidance": "MFA for billing system access. Role-based access with least privilege. Comprehensive access logging."
        }
      ],
      "hitrust_controls": [
        {
          "control_id": "10.d",
          "title": "Encryption - Data at Rest",
          "implementation_guidance": "AES-256 encryption of billing databases. Tokenization of PCI data. Key management with rotation."
        },
        {
          "control_id": "10.e",
          "title": "Incident Response - Breach Response",
          "implementation_guidance": "Breach response plan with legal counsel. Breach risk assessment procedures. Notification procedures for PHI breaches."
        },
        {
          "control_id": "12.a",
          "title": "PCI DSS Compliance",
          "implementation_guidance": "PCI DSS compliance for card data handling. Regular PCI audits. Separation of card data from PHI."
        }
      ],
      "grc_integration": {
        "auditboard": "Control Library > HIPAA > Encryption > Billing Data",
        "archer": "HIPAA Security Rule > 164.312(e)(1) - Transmission Security",
        "servicenow": "GRC > Controls > HIPAA > Encryption > Billing System"
      }
    },
    {
      "risk_id": "cobra-administration-error",
      "risk_title": "COBRA Administration Compliance Error",
      "hipaa_controls": [
        {
          "control_id": "164.312(b)",
          "title": "Audit Controls - Compliance Monitoring",
          "relevant_sections": ["Activity recording"],
          "implementation_guidance": "Automated COBRA administration system. Compliance checklists and procedures. Regular compliance audits."
        }
      ],
      "hitrust_controls": [
        {
          "control_id": "09.c",
          "title": "Configuration Management - Compliance Rules",
          "implementation_guidance": "Automated COBRA timeline tracking. Staff training on COBRA requirements. Legal review of notices and timelines."
        }
      ],
      "grc_integration": {
        "auditboard": "Control Library > HIPAA > Compliance > COBRA",
        "archer": "HIPAA Security Rule > Compliance Management > COBRA",
        "servicenow": "GRC > Controls > HIPAA > Compliance > COBRA Administration"
      }
    },
    {
      "risk_id": "id-card-production-failure",
      "risk_title": "Member ID Card Production Failure",
      "hipaa_controls": [
        {
          "control_id": "164.312(a)(1)",
          "title": "Access Control - Alternative Procedures",
          "relevant_sections": ["Contingency operations"],
          "implementation_guidance": "Document alternative ID verification procedures. Provider education on temporary ID verification. Digital ID card capability."
        }
      ],
      "hitrust_controls": [
        {
          "control_id": "10.a",
          "title": "Business Continuity - Alternative Access",
          "implementation_guidance": "Multiple ID card vendors. Member portal instant access option. Overnight card production for urgent cases."
        }
      ],
      "grc_integration": {
        "auditboard": "Control Library > HIPAA > Contingency Plan > ID Card Production",
        "archer": "HIPAA Security Rule > Business Continuity > Alternative Procedures",
        "servicenow": "GRC > Controls > HIPAA > Contingency > ID Card Backup"
      }
    },
    {
      "risk_id": "premium-leakage",
      "risk_title": "Premium Revenue Leakage",
      "hipaa_controls": [
        {
          "control_id": "164.312(b)",
          "title": "Audit Controls - Financial Controls",
          "relevant_sections": ["Activity recording"],
          "implementation_guidance": "Automated premium reconciliation. Exception reporting for uncollected premiums. Financial reporting controls."
        }
      ],
      "hitrust_controls": [
        {
          "control_id": "06.a",
          "title": "Access Control - Financial Data Access",
          "implementation_guidance": "Access controls for premium collection systems. Regular premium audits. Collection workflow automation."
        }
      ],
      "grc_integration": {
        "auditboard": "Control Library > HIPAA > Audit Controls > Premium Reconciliation",
        "archer": "HIPAA Security Rule > Audit Controls > Financial Accuracy",
        "servicenow": "GRC > Controls > HIPAA > Audit > Premium Collection"
      }
    },
    {
      "risk_id": "provider-directory-inaccuracy",
      "risk_title": "Provider Directory Inaccuracy Enforcement",
      "hipaa_controls": [
        {
          "control_id": "164.312(c)(1)",
          "title": "Integrity - Data Accuracy",
          "relevant_sections": ["Improper alteration prevention"],
          "implementation_guidance": "Automated directory validation with provider verification. Quarterly provider attestation process. Member feedback loop with rapid correction."
        }
      ],
      "hitrust_controls": [
        {
          "control_id": "09.a",
          "title": "PHI Access Management - Provider Data",
          "implementation_guidance": "API-based directory updates with real-time sync. Machine learning for anomaly detection. Regular directory accuracy audits."
        }
      ],
      "grc_integration": {
        "auditboard": "Control Library > HIPAA > Integrity > Provider Directory",
        "archer": "HIPAA Security Rule > Data Integrity > Provider Data",
        "servicenow": "GRC > Controls > HIPAA > Data Management > Directory Accuracy"
      }
    },
    {
      "risk_id": "credentialing-lapse",
      "risk_title": "Provider Credentialing Lapse",
      "hipaa_controls": [
        {
          "control_id": "164.312(a)(1)",
          "title": "Access Control - Provider Authorization",
          "relevant_sections": ["Access authorization"],
          "implementation_guidance": "Automated credentialing tracking with alerts. Separation of credentialing and payment functions. Regular credentialing audits."
        }
      ],
      "hitrust_controls": [
        {
          "control_id": "11.b",
          "title": "Business Associate Management - Provider Vetting",
          "implementation_guidance": "Primary source verification integration. Credentialing workflow with mandatory fields. Provider access review upon credentialing expiration."
        }
      ],
      "grc_integration": {
        "auditboard": "Control Library > HIPAA > Access Control > Provider Credentialing",
        "archer": "HIPAA Security Rule > Provider Management > Credentialing",
        "servicenow": "GRC > Controls > HIPAA > Provider Access > Credentialing"
      }
    },
    {
      "risk_id": "provider-data-breach",
      "risk_title": "Provider Data System Breach",
      "hipaa_controls": [
        {
          "control_id": "164.312(e)(1)",
          "title": "Transmission Security - Encryption",
          "relevant_sections": ["Encryption of PHI in transit"],
          "implementation_guidance": "Encryption of provider data at rest and in transit. Provider portal with MFA and SSO. Comprehensive access logging."
        },
        {
          "control_id": "164.312(a)(1)",
          "title": "Access Control - Authentication",
          "relevant_sections": ["Authentication"],
          "implementation_guidance": "Zero-trust network architecture. Multi-factor authentication for provider portal. Session monitoring."
        }
      ],
      "hitrust_controls": [
        {
          "control_id": "10.d",
          "title": "Encryption - Provider Data",
          "implementation_guidance": "AES-256 encryption of provider databases. Encryption of data in transit to providers. Key management for provider data."
        },
        {
          "control_id": "11.b",
          "title": "Business Associate Management - Third-Party Access",
          "implementation_guidance": "Third-party risk assessment for vendor access. Provider portal security assessments. Regular access reviews."
        }
      ],
      "grc_integration": {
        "auditboard": "Control Library > HIPAA > Encryption > Provider Data",
        "archer": "HIPAA Security Rule > 164.312(e)(1) - Transmission Security",
        "servicenow": "GRC > Controls > HIPAA > Provider Security > Data Protection"
      }
    },
    {
      "risk_id": "network-adequacy-violation",
      "risk_title": "Network Adequacy Compliance Violation",
      "hipaa_controls": [
        {
          "control_id": "164.312(b)",
          "title": "Audit Controls - Compliance Monitoring",
          "relevant_sections": ["Activity recording"],
          "implementation_guidance": "Automated network adequacy monitoring. Regulatory reporting dashboards. Regular compliance audits."
        }
      ],
      "hitrust_controls": [
        {
          "control_id": "09.c",
          "title": "Configuration Management - Provider Network",
          "implementation_guidance": "Geographic access analysis. Time/distance calculation engines. Provider recruitment programs."
        }
      ],
      "grc_integration": {
        "auditboard": "Control Library > HIPAA > Compliance > Network Adequacy",
        "archer": "HIPAA Security Rule > Compliance Management > Network Standards",
        "servicenow": "GRC > Controls > HIPAA > Compliance > Provider Network"
      }
    },
    {
      "risk_id": "provider-contract-error",
      "risk_title": "Provider Fee Schedule Contracting Error",
      "hipaa_controls": [
        {
          "control_id": "164.312(c)(1)",
          "title": "Integrity - Data Accuracy",
          "relevant_sections": ["Improper alteration prevention"],
          "implementation_guidance": "Contract-to-fee schedule validation workflows. Automated fee schedule testing against contracts. Fee schedule versioning."
        }
      ],
      "hitrust_controls": [
        {
          "control_id": "09.c",
          "title": "Configuration Management - Fee Schedules",
          "implementation_guidance": "Contract-to-fee schedule validation. Payment anomaly detection. Regular contract-to-payment audits."
        }
      ],
      "grc_integration": {
        "auditboard": "Control Library > HIPAA > Integrity > Fee Schedule",
        "archer": "HIPAA Security Rule > Data Integrity > Payment Accuracy",
        "servicenow": "GRC > Controls > HIPAA > Data Management > Fee Schedules"
      }
    },
    {
      "risk_id": "pa-delay-care-outcome",
      "risk_title": "Prior Authorization Delay Causing Adverse Health Outcome",
      "hipaa_controls": [
        {
          "control_id": "164.312(a)(1)",
          "title": "Access Control - Emergency Access",
          "relevant_sections": ["Emergency access procedure"],
          "implementation_guidance": "Expedited PA pathways for urgent conditions. PA turnaround time monitoring with escalation. Emergency PA procedures."
        }
      ],
      "hitrust_controls": [
        {
          "control_id": "09.c",
          "title": "Configuration Management - PA Workflows",
          "implementation_guidance": "Clinical decision support systems. Provider-to-payer direct PA submission. Automated approval for low-risk services."
        }
      ],
      "grc_integration": {
        "auditboard": "Control Library > HIPAA > Access Control > Emergency PA",
        "archer": "HIPAA Security Rule > Emergency Access > Prior Authorization",
        "servicenow": "GRC > Controls > HIPAA > Emergency Access > Urgent Care"
      }
    },
    {
      "risk_id": "pa-system-outage",
      "risk_title": "Prior Authorization System Outage",
      "hipaa_controls": [
        {
          "control_id": "164.312(a)(1)",
          "title": "Access Control - Contingency Operations",
          "relevant_sections": ["Emergency access procedure"],
          "implementation_guidance": "Manual PA fax processing as fallback. Emergency PA procedures for urgent care. Provider portal with offline PA capability."
        }
      ],
      "hitrust_controls": [
        {
          "control_id": "10.a",
          "title": "Business Continuity - PA System",
          "implementation_guidance": "High-availability PA system with redundancy. Queue-based PA processing. Documented fallback procedures."
        }
      ],
      "grc_integration": {
        "auditboard": "Control Library > HIPAA > Contingency Plan > PA System",
        "archer": "HIPAA Security Rule > Business Continuity > PA Redundancy",
        "servicenow": "GRC > Controls > HIPAA > Business Continuity > PA Failover"
      }
    },
    {
      "risk_id": "pa-clinical-error",
      "risk_title": "Prior Authorization Clinical Decision Error",
      "hipaa_controls": [
        {
          "control_id": "164.312(b)",
          "title": "Audit Controls - Decision Review",
          "relevant_sections": ["Activity recording"],
          "implementation_guidance": "PA decision audit with quality review. Standardized clinical criteria. Second opinion processes for denials."
        }
      ],
      "hitrust_controls": [
        {
          "control_id": "09.c",
          "title": "Configuration Management - Clinical Criteria",
          "implementation_guidance": "Board-certified physician review for complex cases. Evidence-based clinical guidelines. Continuous clinical training."
        }
      ],
      "grc_integration": {
        "auditboard": "Control Library > HIPAA > Audit Controls > PA Decisions",
        "archer": "HIPAA Security Rule > Audit Controls > Clinical Review",
        "servicenow": "GRC > Controls > HIPAA > Clinical Quality > PA Review"
      }
    },
    {
      "risk_id": "pa-data-breach",
      "risk_title": "Prior Authorization Clinical Information Breach",
      "hipaa_controls": [
        {
          "control_id": "164.312(e)(1)",
          "title": "Transmission Security - Encryption",
          "relevant_sections": ["Encryption of PHI in transit"],
          "implementation_guidance": "Encryption of clinical data at rest and in transit. Role-based access with clinical justification. Comprehensive access logging."
        }
      ],
      "hitrust_controls": [
        {
          "control_id": "10.d",
          "title": "Encryption - Clinical Data",
          "implementation_guidance": "Encryption of PA clinical information. Data minimization (only necessary clinical info). Provider portal with secure messaging."
        },
        {
          "control_id": "09.a",
          "title": "PHI Access Management",
          "implementation_guidance": "Role-based access for clinical data. Access justification review. Minimum necessary standard enforcement."
        }
      ],
      "grc_integration": {
        "auditboard": "Control Library > HIPAA > Encryption > PA Clinical Data",
        "archer": "HIPAA Security Rule > 164.312(e)(1) - Transmission Security",
        "servicenow": "GRC > Controls > HIPAA > Encryption > Clinical Information"
      }
    },
    {
      "risk_id": "payment-outage",
      "risk_title": "Provider Payment System Outage",
      "hipaa_controls": [
        {
          "control_id": "164.312(a)(1)",
          "title": "Access Control - Contingency Operations",
          "relevant_sections": ["Emergency access procedure"],
          "implementation_guidance": "Manual check processing procedures. Expedited payment runs post-recovery. Payment processing calendar with buffer days."
        }
      ],
      "hitrust_controls": [
        {
          "control_id": "10.a",
          "title": "Business Continuity - Payment System",
          "implementation_guidance": "High-availability payment infrastructure. Documented manual fallback procedures. Provider communication plan."
        }
      ],
      "grc_integration": {
        "auditboard": "Control Library > HIPAA > Contingency Plan > Payment System",
        "archer": "HIPAA Security Rule > Business Continuity > Payment Processing",
        "servicenow": "GRC > Controls > HIPAA > Business Continuity > Payment Failover"
      }
    },
    {
      "risk_id": "payment-fraud",
      "risk_title": "Provider Payment Fraud via ACH Manipulation",
      "hipaa_controls": [
        {
          "control_id": "164.312(a)(1)",
          "title": "Access Control - Authentication",
          "relevant_sections": ["Authentication"],
          "implementation_guidance": "Dual authorization for payment file changes. Banking detail verification with provider. Positive pay for ACH transactions."
        },
        {
          "control_id": "164.312(b)",
          "title": "Audit Controls - Payment Monitoring",
          "relevant_sections": ["Activity recording"],
          "implementation_guidance": "Payment reconciliation with anomaly detection. ACH transaction monitoring. Alert on unusual payment patterns."
        }
      ],
      "hitrust_controls": [
        {
          "control_id": "06.a",
          "title": "Access Control - Payment Authorization",
          "implementation_guidance": "Segregation of duties for payment processing. Dual authorization for payment file changes. Regular access reviews."
        }
      ],
      "grc_integration": {
        "auditboard": "Control Library > HIPAA > Access Control > Payment Fraud",
        "archer": "HIPAA Security Rule > Fraud Prevention > Payment Security",
        "servicenow": "GRC > Controls > HIPAA > Fraud Prevention > ACH Security"
      }
    },
    {
      "risk_id": "overpayment-processing-error",
      "risk_title": "Systematic Overpayment Due to Processing Error",
      "hipaa_controls": [
        {
          "control_id": "164.312(c)(1)",
          "title": "Integrity - Payment Accuracy",
          "relevant_sections": ["Improper alteration prevention"],
          "implementation_guidance": "Payment accuracy monitoring with statistical process control. Automated recovery identification. Overpayment prevention edits."
        }
      ],
      "hitrust_controls": [
        {
          "control_id": "09.c",
          "title": "Configuration Management - Payment Rules",
          "implementation_guidance": "Regular payment audits. Overpayment recovery workflow with provider appeals. Configuration testing before deployment."
        }
      ],
      "grc_integration": {
        "auditboard": "Control Library > HIPAA > Integrity > Payment Accuracy",
        "archer": "HIPAA Security Rule > Data Integrity > Payment Validation",
        "servicenow": "GRC > Controls > HIPAA > Data Management > Payment Accuracy"
      }
    },
    {
      "risk_id": "payment-data-corruption",
      "risk_title": "Payment Remittance Data Corruption",
      "hipaa_controls": [
        {
          "control_id": "164.312(c)(1)",
          "title": "Integrity - Data Integrity",
          "relevant_sections": ["Improper alteration prevention"],
          "implementation_guidance": "Immutable audit trails for payment data. Payment file validation before transmission. Digital signatures for payment files."
        }
      ],
      "hitrust_controls": [
        {
          "control_id": "11.a",
          "title": "Data Backup and Recovery",
          "implementation_guidance": "Automated reconciliation with claims. Payment data replication with integrity checks. Regular backup testing."
        },
        {
          "control_id": "10.d",
          "title": "Encryption - Payment Files",
          "implementation_guidance": "Digital signatures for payment files. Encryption of payment data at rest. Secure transmission to providers."
        }
      ],
      "grc_integration": {
        "auditboard": "Control Library > HIPAA > Integrity > Payment Data",
        "archer": "HIPAA Security Rule > 164.312(c)(1) - Integrity Mechanisms",
        "servicenow": "GRC > Controls > HIPAA > Data Integrity > Payment Files"
      }
    },
    {
      "risk_id": "member-data-breach-call-center",
      "risk_title": "Member Services Data Breach via Call Center",
      "hipaa_controls": [
        {
          "control_id": "164.312(a)(1)",
          "title": "Access Control - Authentication",
          "relevant_sections": ["Authentication"],
          "implementation_guidance": "Multi-factor authentication for call center agents. Data access logging with review. Screen masking for sensitive data."
        },
        {
          "control_id": "164.312(b)",
          "title": "Audit Controls - Call Monitoring",
          "relevant_sections": ["Activity recording"],
          "implementation_guidance": "Call recording with quality monitoring. Access logging with regular review. Alert on unusual access patterns."
        }
      ],
      "hitrust_controls": [
        {
          "control_id": "06.e",
          "title": "Security Awareness and Training",
          "implementation_guidance": "Regular security awareness training. Call center security procedures. Social engineering detection training."
        },
        {
          "control_id": "06.a",
          "title": "Access Control - Call Center",
          "implementation_guidance": "Role-based access for call center agents. Session time limits. Automatic screen masking for PHI."
        }
      ],
      "grc_integration": {
        "auditboard": "Control Library > HIPAA > Access Control > Call Center",
        "archer": "HIPAA Security Rule > 164.312(a)(1) - Access Control",
        "servicenow": "GRC > Controls > HIPAA > Access Control > Call Center Security"
      }
    },
    {
      "risk_id": "grievance-processing-failure",
      "risk_title": "Grievance and Appeals Processing Failure",
      "hipaa_controls": [
        {
          "control_id": "164.312(b)",
          "title": "Audit Controls - Compliance Monitoring",
          "relevant_sections": ["Activity recording"],
          "implementation_guidance": "Automated appeals workflow with deadline tracking. Regular compliance audits. Appeals turnaround time monitoring."
        }
      ],
      "hitrust_controls": [
        {
          "control_id": "09.c",
          "title": "Configuration Management - Appeals Workflows",
          "implementation_guidance": "Escalation procedures for urgent appeals. Staff training on regulatory timelines. Automated deadline tracking."
        }
      ],
      "grc_integration": {
        "auditboard": "Control Library > HIPAA > Audit Controls > Appeals Processing",
        "archer": "HIPAA Security Rule > Compliance Management > Grievance & Appeals",
        "servicenow": "GRC > Controls > HIPAA > Compliance > Appeals Timelines"
      }
    },
    {
      "risk_id": "member-portal-outage",
      "risk_title": "Member Portal and Mobile App Outage",
      "hipaa_controls": [
        {
          "control_id": "164.312(a)(1)",
          "title": "Access Control - Alternative Access",
          "relevant_sections": ["Contingency operations"],
          "implementation_guidance": "Call center surge capacity plan. Graceful degradation modes. Cached read-only mode during outages."
        }
      ],
      "hitrust_controls": [
        {
          "control_id": "10.a",
          "title": "Business Continuity - Digital Channels",
          "implementation_guidance": "Cloud-based infrastructure with auto-scaling. Blue-green deployment to minimize downtime. Documented fallback procedures."
        }
      ],
      "grc_integration": {
        "auditboard": "Control Library > HIPAA > Contingency Plan > Member Portal",
        "archer": "HIPAA Security Rule > Business Continuity > Digital Channels",
        "servicenow": "GRC > Controls > HIPAA > Business Continuity > Member Portal"
      }
    },
    {
      "risk_id": "social-engineering-member-data",
      "risk_title": "Social Engineering Attack Compromising Member Data",
      "hipaa_controls": [
        {
          "control_id": "164.312(a)(1)",
          "title": "Access Control - Authentication",
          "relevant_sections": ["Authentication"],
          "implementation_guidance": "Verification procedures before disclosing information. Call center scripts with security protocols. Regular security awareness refreshers."
        },
        {
          "control_id": "164.312(b)",
          "title": "Audit Controls - Access Monitoring",
          "relevant_sections": ["Activity recording"],
          "implementation_guidance": "Alert on unusual access patterns. Regular review of access logs. Reporting mechanisms for suspicious calls."
        }
      ],
      "hitrust_controls": [
        {
          "control_id": "06.e",
          "title": "Security Awareness and Training",
          "implementation_guidance": "Comprehensive social engineering training. Phishing simulation exercises. Regular security awareness refreshers."
        },
        {
          "control_id": "06.a",
          "title": "Access Control - Verification",
          "implementation_guidance": "Member verification procedures before PHI disclosure. Data access monitoring. Alert on suspicious access patterns."
        }
      ],
      "grc_integration": {
        "auditboard": "Control Library > HIPAA > Security Awareness > Social Engineering",
        "archer": "HIPAA Security Rule > 164.312(a)(1) - Access Control",
        "servicenow": "GRC > Controls > HIPAA > Security Training > Social Engineering"
      }
    },
    {
      "risk_id": "pharmacy-adjudication-outage",
      "risk_title": "Pharmacy Claims Adjudication Outage",
      "hipaa_controls": [
        {
          "control_id": "164.312(a)(1)",
          "title": "Access Control - Emergency Access",
          "relevant_sections": ["Emergency access procedure"],
          "implementation_guidance": "Emergency pay-at-counter procedures. Manual claim reprocessing. Pharmacy network communication plan."
        }
      ],
      "hitrust_controls": [
        {
          "control_id": "10.a",
          "title": "Business Continuity - Pharmacy System",
          "implementation_guidance": "High-availability pharmacy system with redundancy. Real-time replication to DR site. Documented emergency procedures."
        }
      ],
      "grc_integration": {
        "auditboard": "Control Library > HIPAA > Contingency Plan > Pharmacy System",
        "archer": "HIPAA Security Rule > Business Continuity > Pharmacy Adjudication",
        "servicenow": "GRC > Controls > HIPAA > Business Continuity > Pharmacy Claims"
      }
    },
    {
      "risk_id": "pharmacy-data-breach",
      "risk_title": "Pharmacy Claims Data Breach",
      "hipaa_controls": [
        {
          "control_id": "164.312(e)(1)",
          "title": "Transmission Security - Encryption",
          "relevant_sections": ["Encryption of PHI in transit"],
          "implementation_guidance": "Encryption of pharmacy data at rest and in transit. Role-based access with clinical justification. Comprehensive access logging."
        },
        {
          "control_id": "164.312(a)(1)",
          "title": "Access Control - Authentication",
          "relevant_sections": ["Authentication"],
          "implementation_guidance": "PBM security assessments and certifications. Multi-factor authentication for pharmacy systems."
        }
      ],
      "hitrust_controls": [
        {
          "control_id": "10.d",
          "title": "Encryption - Pharmacy Data",
          "implementation_guidance": "Encryption of prescription drug claims. Encryption of medication history data. Key management for pharmacy data."
        },
        {
          "control_id": "11.b",
          "title": "Business Associate Management - PBM",
          "implementation_guidance": "PBM security assessments. BA agreements with PBM vendors. Regular PBM compliance reviews."
        }
      ],
      "grc_integration": {
        "auditboard": "Control Library > HIPAA > Encryption > Pharmacy Data",
        "archer": "HIPAA Security Rule > 164.312(e)(1) - Transmission Security",
        "servicenow": "GRC > Controls > HIPAA > Encryption > Pharmacy Claims"
      }
    },
    {
      "risk_id": "formulary-error",
      "risk_title": "Formulary Configuration Error",
      "hipaa_controls": [
        {
          "control_id": "164.312(c)(1)",
          "title": "Integrity - Data Accuracy",
          "relevant_sections": ["Improper alteration prevention"],
          "implementation_guidance": "Staged formulary updates with testing. Formulary versioning with rollback capability. Member impact analysis before deployment."
        }
      ],
      "hitrust_controls": [
        {
          "control_id": "09.c",
          "title": "Configuration Management - Formulary",
          "implementation_guidance": "Automated formulary validation against drug database. Pharmacist review of formulary changes. Testing before deployment."
        }
      ],
      "grc_integration": {
        "auditboard": "Control Library > HIPAA > Integrity > Formulary Management",
        "archer": "HIPAA Security Rule > Configuration Management > Formulary",
        "servicenow": "GRC > Controls > HIPAA > Data Management > Formulary"
      }
    },
    {
      "risk_id": "specialty-pharmacy-fraud",
      "risk_title": "Specialty Pharmacy Fraud",
      "hipaa_controls": [
        {
          "control_id": "164.312(b)",
          "title": "Audit Controls - Fraud Detection",
          "relevant_sections": ["Activity recording"],
          "implementation_guidance": "Claims editing for specialty medications. Pharmacy benefit fraud analytics. Investigation team with pharmacy expertise."
        },
        {
          "control_id": "164.312(a)(1)",
          "title": "Access Control - Provider Authorization",
          "relevant_sections": ["Access authorization"],
          "implementation_guidance": "Specialty pharmacy accreditation requirements. Prior authorization for high-cost drugs. Regular provider access reviews."
        }
      ],
      "hitrust_controls": [
        {
          "control_id": "06.a",
          "title": "Access Control - Specialty Pharmacy",
          "implementation_guidance": "Accreditation requirements for specialty pharmacies. Prior authorization workflows. Claims editing for fraud detection."
        }
      ],
      "grc_integration": {
        "auditboard": "Control Library > HIPAA > Audit Controls > Pharmacy Fraud",
        "archer": "HIPAA Security Rule > Fraud Prevention > Specialty Pharmacy",
        "servicenow": "GRC > Controls > HIPAA > Fraud Prevention > Pharmacy Benefits"
      }
    },
    {
      "risk_id": "drug-safety-edit-failure",
      "risk_title": "Drug Safety Interaction Edit Failure",
      "hipaa_controls": [
        {
          "control_id": "164.312(c)(1)",
          "title": "Integrity - Patient Safety",
          "relevant_sections": ["Improper alteration prevention"],
          "implementation_guidance": "Comprehensive drug interaction database with regular updates. Redundant safety edit systems. Testing against known interaction scenarios."
        }
      ],
      "hitrust_controls": [
        {
          "control_id": "09.c",
          "title": "Configuration Management - Drug Safety",
          "implementation_guidance": "Pharmacist review for complex medication regimens. Adverse event monitoring and response. Regular drug database updates."
        }
      ],
      "grc_integration": {
        "auditboard": "Control Library > HIPAA > Integrity > Drug Safety",
        "archer": "HIPAA Security Rule > Patient Safety > Drug Interactions",
        "servicenow": "GRC > Controls > HIPAA > Patient Safety > Drug Safety Edits"
      }
    },
    {
      "risk_id": "hedis-reporting-error",
      "risk_title": "HEDIS Quality Measure Reporting Error",
      "hipaa_controls": [
        {
          "control_id": "164.312(b)",
          "title": "Audit Controls - Data Accuracy",
          "relevant_sections": ["Activity recording"],
          "implementation_guidance": "Automated HEDIS calculation with validation. Data quality checks for measure denominators. Regular HEDIS accuracy assessments."
        }
      ],
      "hitrust_controls": [
        {
          "control_id": "09.c",
          "title": "Configuration Management - HEDIS",
          "implementation_guidance": "NCQA-certified reporting tools. Independent audit of HEDIS calculations. Regular accuracy assessments."
        }
      ],
      "grc_integration": {
        "auditboard": "Control Library > HIPAA > Audit Controls > HEDIS Reporting",
        "archer": "HIPAA Security Rule > Data Quality > HEDIS Measures",
        "servicenow": "GRC > Controls > HIPAA > Quality Reporting > HEDIS"
      }
    },
    {
      "risk_id": "mlr-calculation-error",
      "risk_title": "Medical Loss Ratio (MLR) Calculation Error",
      "hipaa_controls": [
        {
          "control_id": "164.312(b)",
          "title": "Audit Controls - Financial Accuracy",
          "relevant_sections": ["Activity recording"],
          "implementation_guidance": "Automated MLR calculation with audit trails. Quarterly MLR forecasting and monitoring. Independent MLR audit before filing."
        }
      ],
      "hitrust_controls": [
        {
          "control_id": "09.c",
          "title": "Configuration Management - MLR",
          "implementation_guidance": "Expense categorization controls. Regular MLR calculation testing. Independent review before filing."
        }
      ],
      "grc_integration": {
        "auditboard": "Control Library > HIPAA > Audit Controls > MLR Calculation",
        "archer": "HIPAA Security Rule > Financial Accuracy > MLR",
        "servicenow": "GRC > Controls > HIPAA > Financial Reporting > MLR"
      }
    },
    {
      "risk_id": "risk-adjustment-coding-error",
      "risk_title": "Risk Adjustment Documentation and Coding Error",
      "hipaa_controls": [
        {
          "control_id": "164.312(c)(1)",
          "title": "Integrity - Data Accuracy",
          "relevant_sections": ["Improper alteration prevention"],
          "implementation_guidance": "Automated coding gap identification. Risk adjustment data quality audits. HCC validation procedures."
        }
      ],
      "hitrust_controls": [
        {
          "control_id": "09.c",
          "title": "Configuration Management - Risk Adjustment",
          "implementation_guidance": "Coder training and certification. Provider outreach for missing documentation. Regular data quality audits."
        }
      ],
      "grc_integration": {
        "auditboard": "Control Library > HIPAA > Integrity > Risk Adjustment",
        "archer": "HIPAA Security Rule > Data Quality > Risk Adjustment",
        "servicenow": "GRC > Controls > HIPAA > Data Management > Risk Adjustment"
      }
    },
    {
      "risk_id": "analytics-data-warehouse-corruption",
      "risk_title": "Analytics Data Warehouse Corruption",
      "hipaa_controls": [
        {
          "control_id": "164.312(c)(1)",
          "title": "Integrity - Data Quality",
          "relevant_sections": ["Improper alteration prevention"],
          "implementation_guidance": "Data quality monitoring with alerts. Automated data validation scripts. Source data immutability."
        }
      ],
      "hitrust_controls": [
        {
          "control_id": "11.a",
          "title": "Data Backup and Recovery",
          "implementation_guidance": "Warehouse replication for recovery. Regular data accuracy audits. Automated validation scripts."
        },
        {
          "control_id": "10.d",
          "title": "Encryption - Data Warehouse",
          "implementation_guidance": "Encryption of analytics data at rest. Regular integrity checks. Data validation procedures."
        }
      ],
      "grc_integration": {
        "auditboard": "Control Library > HIPAA > Integrity > Data Warehouse",
        "archer": "HIPAA Security Rule > 164.312(c)(1) - Integrity Mechanisms",
        "servicenow": "GRC > Controls > HIPAA > Data Management > Analytics Warehouse"
      }
    },
    {
      "risk_id": "hipaa-breach-unencrypted-phI",
      "risk_title": "HIPAA Breach from Unencrypted PHI",
      "hipaa_controls": [
        {
          "control_id": "164.312(e)(1)",
          "title": "Transmission Security - Encryption",
          "relevant_sections": ["Encryption of PHI in transit"],
          "implementation_guidance": "Encryption of all PHI at rest and in transit (AES-256). Regular encryption certification and testing. Comprehensive PHI inventory."
        },
        {
          "control_id": "164.312(a)(1)",
          "title": "Access Control - Encryption and Decryption",
          "relevant_sections": ["Encryption and decryption"],
          "implementation_guidance": "Implement encryption for all PHI storage. Regular encryption key rotation. Encryption certification and testing."
        }
      ],
      "hitrust_controls": [
        {
          "control_id": "10.d",
          "title": "Encryption - PHI Protection",
          "implementation_guidance": "Encryption of all PHI at rest and in transit. Key management with rotation. Regular encryption testing and certification."
        },
        {
          "control_id": "10.e",
          "title": "Incident Response - Breach Management",
          "implementation_guidance": "Breach risk assessment with mitigation. Incident response plan with tabletop exercises. Breach notification procedures."
        }
      ],
      "grc_integration": {
        "auditboard": "Control Library > HIPAA > Encryption > PHI Protection",
        "archer": "HIPAA Security Rule > 164.312(e)(1) - Transmission Security",
        "servicenow": "GRC > Controls > HIPAA > Encryption > PHI at Rest and in Transit"
      }
    },
    {
      "risk_id": "cms-audit-failure",
      "risk_title": "CMS Medicare/Medicaid Audit Failure",
      "hipaa_controls": [
        {
          "control_id": "164.312(b)",
          "title": "Audit Controls - Compliance Monitoring",
          "relevant_sections": ["Activity recording"],
          "implementation_guidance": "Continuous compliance monitoring program. Mock CMS audits with gap remediation. Comprehensive documentation and evidence retention."
        }
      ],
      "hitrust_controls": [
        {
          "control_id": "09.c",
          "title": "Configuration Management - CMS Compliance",
          "implementation_guidance": "Dedicated CMS compliance team. Corrective action plan development. Regular mock audits and gap remediation."
        }
      ],
      "grc_integration": {
        "auditboard": "Control Library > HIPAA > Audit Controls > CMS Compliance",
        "archer": "HIPAA Security Rule > Compliance Management > CMS Audits",
        "servicenow": "GRC > Controls > HIPAA > Compliance > CMS Audit Readiness"
      }
    },
    {
      "risk_id": "fraud-waste-abate-detection-failure",
      "risk_title": "Fraud, Waste, and Abuse Detection Failure",
      "hipaa_controls": [
        {
          "control_id": "164.312(b)",
          "title": "Audit Controls - FWA Detection",
          "relevant_sections": ["Activity recording"],
          "implementation_guidance": "Advanced FWA analytics with machine learning. Provider and member FWA reporting hotlines. Regular FWA risk assessments."
        }
      ],
      "hitrust_controls": [
        {
          "control_id": "06.e",
          "title": "Security Awareness and Training - FWA",
          "implementation_guidance": "Comprehensive FWA training program. Dedicated SIU (Special Investigations Unit). Regular FWA awareness refreshers."
        },
        {
          "control_id": "06.a",
          "title": "Access Control - FWA Monitoring",
          "implementation_guidance": "Advanced analytics for FWA detection. Anomaly detection for unusual patterns. Regular risk assessments."
        }
      ],
      "grc_integration": {
        "auditboard": "Control Library > HIPAA > Audit Controls > FWA Detection",
        "archer": "HIPAA Security Rule > Fraud Prevention > FWA Program",
        "servicenow": "GRC > Controls > HIPAA > Fraud Prevention > FWA Detection"
      }
    },
    {
      "risk_id": "accreditation-loss",
      "risk_title": "NCQA or Other Accreditation Loss",
      "hipaa_controls": [
        {
          "control_id": "164.312(b)",
          "title": "Audit Controls - Accreditation Monitoring",
          "relevant_sections": ["Activity recording"],
          "implementation_guidance": "Continuous gap monitoring against standards. Mock accreditation surveys. Corrective action plan tracking."
        }
      ],
      "hitrust_controls": [
        {
          "control_id": "09.c",
          "title": "Configuration Management - Accreditation",
          "implementation_guidance": "Dedicated accreditation team. Executive sponsorship of accreditation programs. Regular gap assessments and remediation."
        }
      ],
      "grc_integration": {
        "auditboard": "Control Library > HIPAA > Audit Controls > Accreditation",
        "archer": "HIPAA Security Rule > Compliance Management > Accreditation",
        "servicenow": "GRC > Controls > HIPAA > Compliance > NCQA Accreditation"
      }
    },
    {
      "risk_id": "state-compliance-violation",
      "risk_title": "Multi-State Compliance Variation Violation",
      "hipaa_controls": [
        {
          "control_id": "164.312(b)",
          "title": "Audit Controls - State Compliance",
          "relevant_sections": ["Activity recording"],
          "implementation_guidance": "State-specific compliance matrix and tracking. Regular state compliance audits. State-specific training for affected staff."
        }
      ],
      "hitrust_controls": [
        {
          "control_id": "09.c",
          "title": "Configuration Management - State Compliance",
          "implementation_guidance": "State compliance monitoring program. Legal counsel in each operating state. State-specific compliance procedures."
        }
      ],
      "grc_integration": {
        "auditboard": "Control Library > HIPAA > Audit Controls > State Compliance",
        "archer": "HIPAA Security Rule > Compliance Management > State Regulations",
        "servicenow": "GRC > Controls > HIPAA > Compliance > Multi-State Requirements"
      }
    }
  ],
  "control_mapping_summary": {
    "total_risks_mapped": 58,
    "hipaa_controls_used": {
      "access_control_164.312_a1": 45,
      "audit_controls_164.312_b": 38,
      "integrity_164.312_c1": 22,
      "transmission_security_164.312_e1": 12,
      "authentication_164.312_d": 8
    },
    "hitrust_controls_used": {
      "access_control_06_a": 18,
      "encryption_10_d": 15,
      "business_continuity_10_a": 12,
      "configuration_management_09_c": 16,
      "security_awareness_06_e": 8,
      "phi_access_management_09_a": 6,
      "business_associate_management_11_b": 5,
      "incident_management_10_e": 4,
      "data_backup_11_a": 4
    },
    "control_coverage": {
      "operational_risks": "95% covered by Business Continuity, Configuration Management, and Integrity controls",
      "security_risks": "100% covered by Access Control, Encryption, and Authentication controls",
      "compliance_risks": "90% covered by Audit Controls and Configuration Management",
      "strategic_risks": "67% covered by Business Associate Management and Configuration Management"
    },
    "grc_integration_ready": true,
    "actionable_mappings": 58,
    "expert_review_required": true
  },
  "implementation_guidance": {
    "priority_1_critical_gaps": [
      "HIPAA breach from unencrypted PHI - immediate encryption audit required",
      "CMS audit failure - continuous compliance monitoring program needed",
      "Ransomware attacks - implement immutable backups and incident response"
    ],
    "priority_2_high_impact_controls": [
      "Access control with MFA enforcement across all PHI systems",
      "Comprehensive audit logging with regular review procedures",
      "Business continuity and disaster recovery testing",
      "Security awareness and training programs"
    ],
    "priority_3_foundational_controls": [
      "Configuration management for all business rules and systems",
      "Encryption at rest and in transit for all PHI",
      "Vendor risk management and BA agreement reviews",
      "Regular access reviews and privilege management"
    ]
  },
  "expert_review_checklist": {
    "control_accuracy": [
      "Verify HIPAA Security Rule control IDs are accurate (45 CFR §164.312)",
      "Confirm HITRUST CSF control IDs match current v9.8 framework",
      "Validate implementation guidance aligns with regulatory requirements",
      "Check that control mappings are clinically and operationally realistic"
    ],
    "framework_alignment": [
      "Confirm no conflicts between HIPAA and HITRUST requirements",
      "Validate that mappings reference current regulatory standards",
      "Ensure GRC integration patterns are accurate for each platform",
      "Verify that control citations are properly sourced"
    ],
    "completeness": [
      "Confirm all 58 risks have appropriate control mappings",
      "Check for any missing high-impact controls",
      "Validate that crown-jewel processes have comprehensive coverage",
      "Ensure cross-cutting controls (access control, encryption) are consistently applied"
    ],
    "actionability": [
      "Validate implementation guidance is specific and actionable",
      "Confirm GRC integration paths are accurate",
      "Check that priority rankings align with healthcare payer risk context",
      "Verify expert disclaimer is prominent and non-negotiable"
    ]
  },
  "next_steps": {
    "immediate_actions": [
      "Certified HIPAA compliance expert review required",
      "HITRUST CSF certified practitioner validation",
      "Healthcare payer operations leader review",
      "GRC system integration testing with AuditBoard/Archer/ServiceNow"
    ],
    "documentation_updates": [
      "Add state-specific control requirements",
      "Include Medicare/Medicaid contract-specific controls",
      "Add NCQA accreditation standard mappings",
      "Incorporate OCR HIPAA enforcement rule updates"
    ],
    "integration_tasks": [
      "Import control mappings into GRC system of choice",
      "Create automated control tests for high-priority controls",
      "Build risk-control dashboards for executive reporting",
      "Establish control effectiveness monitoring procedures"
    ]
  },
  "references": {
    "authoritative_sources": [
      "HIPAA Security Rule: 45 CFR §164.312 - https://www.ecfr.gov/current/title-45/section-164.312",
      "HITRUST CSF v9.8: https://hitrust.org/hitrust-csf/",
      "CMS Transaction Standards: https://www.cms.gov/regulations-and-guidance/Administrative-Simplification",
      "NCQA Accreditation: https://www.ncqa.org/",
      "OCR HIPAA Enforcement: https://www.hhs.gov/hipaa/enforcement/index.html"
    ],
    "healthcare_payer_standards": [
      "CAQH CORE: https://www.caqh.org/",
      "X12 Standards: https://x12.org/",
      "NCPDP Standards: https://www.ncpdp.org/",
      "CMS Medicare Advantage Requirements: https://www.cms.gov/Medicare-Payment-Plans",
      "State Insurance Commissioners: NAIC State Insurance Map"
    ]
  }
}
