# T-223: Restructure View Implementation - Output Artifact

## Summary
Successfully implemented the Restructure View component showing the transformation from flat Excel files to hierarchical tree structure. This is a "wow factor" feature for demos.

## Files Created

### 1. Frontend Component
**File:** `frontend/src/pages/RestructureView.jsx`

**Features:**
- Before/after comparison panels
  - Left panel: Original flat Excel rows (red-tinted, messy appearance)
  - Right panel: Confirmed hierarchical tree (green-tinted, organized appearance)
- Animated transformation with Play button
- Interactive tree with expand/collapse nodes
- Row selection highlighting
- Stats panel showing:
  - Original rows count
  - Confirmed nodes count
  - Average confidence score
  - Improvement percentage
- Confidence badges on each tree node
- Vendor and type labels on tree nodes

**Component Structure:**
- `RestructureView` - Main container with comparison layout
- `TreeNode` - Recursive tree node component with expand/collapse

**Styling:**
- Grid layout (1fr auto 1fr) for before/arrow/after panels
- Color-coded panels (red for before, green for after)
- Animated arrow during transformation
- Smooth transitions and hover effects
- Responsive stats panel

### 2. App.jsx Integration
**Line 8:** Added import
```javascript
import RestructureView from "./pages/RestructureView";
```

**Line 23843:** Added state variable
```javascript
var _sRS=useState(null); var restructureMatchId=_sRS[0]; var setRestructureMatchId=_sRS[1];
```

**Lines 24329-24334:** Added route handler
```javascript
if (page==="restructure-view") {
  return React.createElement(RestructureView, {
    matchId: restructureMatchId,
    goBack: goBack
  });
}
```

## API Contract

### Endpoint
```
GET /api/mappings/:matchId/restructure
```

### Response Format
```json
{
  "original_rows": [
    {
      "row_id": 1,
      "process_name": "Claims Processing",
      "application_name": "Facets",
      "criticality": "High"
    }
  ],
  "confirmed_tree": [
    {
      "id": "claims-adjudication",
      "name": "Claims Adjudication",
      "confidence": 0.95,
      "children": [
        {
          "id": "facets",
          "name": "Facets",
          "type": "application",
          "confidence": 0.95,
          "vendor": "Change Healthcare"
        }
      ]
    }
  ],
  "stats": {
    "original_rows": 15,
    "confirmed_nodes": 15,
    "avg_confidence": 0.87
  }
}
```

## Usage

### Accessing the View
The view is accessed by setting:
```javascript
setPage('restructure-view');
setRestructureMatchId(matchId);
```

### From Review Mappings (T-220)
Add a button in ReviewMappings that links to the restructure view:
```jsx
<button onClick={() => {
  setPage('restructure-view');
  setRestructureMatchId(matchId);
}}>
  View Transformation
</button>
```

## Key Features for Demo

1. **Visual Impact:** Before/after comparison with color coding
2. **Animation:** "Play Transformation" button animates the arrow and tree nodes
3. **Interactivity:** Click rows to highlight, click nodes to expand/collapse
4. **Metrics:** Stats panel shows quantitative improvement
5. **Confidence Display:** Every node shows AI confidence score

## Technical Details

### Dependencies
- React (state management)
- @tanstack/react-query (data fetching)
- lucide-react (icons: CheckCircle, ArrowRight, FileSpreadsheet, Network)

### Animation Timing
- Arrow animation: 0.5s transition
- Tree node animation: 0.5s with staggered delays (100ms per level)
- Total animation duration: 3s

### Styling Approach
- Inline styles (consistent with App.jsx pattern)
- Tailwind-style color palette
- Responsive grid layout

## Testing Checklist

- [ ] Component renders without crashing
- [ ] Before panel shows original flat rows
- [ ] After panel shows tree structure
- [ ] Play button triggers animation
- [ ] Tree nodes expand/collapse on click
- [ ] Row selection highlights correctly
- [ ] Stats panel displays correct metrics
- [ ] Back button returns to previous page
- [ ] Loading state displays correctly
- [ ] API integration works with real data

## Git Commit

**Branch:** task/T-223-restructure-view

**Files Changed:**
- frontend/src/App.jsx (import, state, route)
- frontend/src/pages/RestructureView.jsx (new)

**Commit Message:**
```
feat: Build flat-to-tree restructure view (T-223)

- Add RestructureView component showing Excel→tree transformation
- Before/after comparison panels with color coding
- Animated transformation play button
- Interactive tree with expand/collapse
- Stats panel showing improvement metrics
- Add route integration in App.jsx
```

## Next Steps

1. **Backend Implementation:** Implement `/api/mappings/:matchId/restructure` endpoint
2. **Review Integration:** Add "View Transformation" button in ReviewMappings component
3. **Testing:** Test with real mapping data from T-220
4. **Polish:** Refine animation timing and visual feedback

## Notes for Validator

- Verify App.jsx integration uses correct line ranges (no full file reads)
- Confirm before/after panels show transformation clearly
- Verify animation plays smoothly
- Check tree structure renders correctly with nested children
- Validate stats panel calculates metrics correctly
- Test with different confidence scores and tree depths
